// Jest Snapshot v1, https://goo.gl/fbAQLP

exports[`ChartView component 1`] = `
<DocumentFragment>
  <div>
    <div
      class="css-dvxtzn"
    >
      <article
        class="css-5c5px"
      >
        <p
          class="css-1kebmcj"
        />
        <p
          class="css-197a6t6"
        >
          CEO
        </p>
        <p
          class="css-ub9u27"
        >
          <button
            class="css-1b02a2r-InputCollaborator"
          >
            +
          </button>
        </p>
      </article>
      <div
        class="css-p58oka"
      >
        <div
          class="css-dvxtzn"
        >
          <article
            class="css-5c5px"
          >
            <p
              class="css-1kebmcj"
            >
              Mayra Navarro
            </p>
            <p
              class="css-197a6t6"
            >
              Product Manager
            </p>
            <p
              class="css-ub9u27"
            >
              <button
                class="css-1b02a2r-InputCollaborator"
              >
                +
              </button>
            </p>
          </article>
          <div
            class="css-p58oka"
          />
        </div>
        <div
          class="css-dvxtzn"
        >
          <article
            class="css-5c5px"
          >
            <p
              class="css-1kebmcj"
            >
              Deivy Conde
            </p>
            <p
              class="css-197a6t6"
            >
              Tech Lead
            </p>
            <p
              class="css-ub9u27"
            >
              <button
                class="css-1b02a2r-InputCollaborator"
              >
                +
              </button>
            </p>
          </article>
          <div
            class="css-p58oka"
          >
            <div
              class="css-dvxtzn"
            >
              <article
                class="css-5c5px"
              >
                <p
                  class="css-1kebmcj"
                >
                  Cristian Granda
                </p>
                <p
                  class="css-197a6t6"
                >
                  Tech Lead
                </p>
                <p
                  class="css-ub9u27"
                >
                  <button
                    class="css-1b02a2r-InputCollaborator"
                  >
                    +
                  </button>
                </p>
              </article>
              <div
                class="css-p58oka"
              />
            </div>
            <div
              class="css-dvxtzn"
            >
              <article
                class="css-5c5px"
              >
                <p
                  class="css-1kebmcj"
                >
                  Cesar Cachay
                </p>
                <p
                  class="css-197a6t6"
                >
                  Tech Lead
                </p>
                <p
                  class="css-ub9u27"
                >
                  <button
                    class="css-1b02a2r-InputCollaborator"
                  >
                    +
                  </button>
                </p>
              </article>
              <div
                class="css-p58oka"
              />
            </div>
          </div>
        </div>
        <div
          class="css-dvxtzn"
        >
          <article
            class="css-5c5px"
          >
            <p
              class="css-1kebmcj"
            >
              Ricardo Yrupailla
            </p>
            <p
              class="css-197a6t6"
            >
              Tech Lead
            </p>
            <p
              class="css-ub9u27"
            >
              <button
                class="css-1b02a2r-InputCollaborator"
              >
                +
              </button>
            </p>
          </article>
          <div
            class="css-p58oka"
          >
            <div
              class="css-dvxtzn"
            >
              <article
                class="css-5c5px"
              >
                <p
                  class="css-1kebmcj"
                >
                  Diego Cuevas
                </p>
                <p
                  class="css-197a6t6"
                >
                  Tech Lead
                </p>
                <p
                  class="css-ub9u27"
                >
                  <button
                    class="css-1b02a2r-InputCollaborator"
                  >
                    +
                  </button>
                </p>
              </article>
              <div
                class="css-p58oka"
              >
                <div
                  class="css-dvxtzn"
                >
                  <article
                    class="css-5c5px"
                  >
                    <p
                      class="css-1kebmcj"
                    >
                      Christopher Roa
                    </p>
                    <p
                      class="css-197a6t6"
                    >
                      Tech Lead
                    </p>
                    <p
                      class="css-ub9u27"
                    >
                      <button
                        class="css-1b02a2r-InputCollaborator"
                      >
                        +
                      </button>
                    </p>
                  </article>
                  <div
                    class="css-p58oka"
                  />
                </div>
                <div
                  class="css-dvxtzn"
                >
                  <article
                    class="css-5c5px"
                  >
                    <p
                      class="css-1kebmcj"
                    >
                      Frank Condezo
                    </p>
                    <p
                      class="css-197a6t6"
                    >
                      Tech Lead
                    </p>
                    <p
                      class="css-ub9u27"
                    >
                      <button
                        class="css-1b02a2r-InputCollaborator"
                      >
                        +
                      </button>
                    </p>
                  </article>
                  <div
                    class="css-p58oka"
                  />
                </div>
              </div>
            </div>
          </div>
        </div>
      </div>
    </div>
  </div>
</DocumentFragment>
`;
